To honour the JVM settings for this build a single-use Daemon process will be forked. For more on this, please refer to https://docs.gradle.org/8.10.2/userguide/gradle_daemon.html#sec:disabling_the_daemon in the Gradle documentation.
Daemon will be stopped at the end of the build 

> Configure project :app
WARNING: Using flatDir should be avoided because it doesn't support any meta-data formats.

> Configure project :capacitor-cordova-android-plugins
WARNING: Using flatDir should be avoided because it doesn't support any meta-data formats.
.\gradlew.bat : 
Warning: SDK 
processing. This 
version only 
understands SDK XML 
versions up to 3 but an 
SDK XML file of version 
4 was encountered. This 
can happen if you use 
versions of Android 
Studio and the 
command-line tools that 
were released at 
different times.
En línea: 1 Carácter: 76
+ ... cd android; 
.\gradlew.bat 
assembleDebug 
--no-daemon > 
..\build_output ...
+                 ~~~~~~
~~~~~~~~~~~~~~~~~~~~~~~~
~~~~~~~~~~~~~~~~~~~~~~~~
~~~
    + CategoryInfo      
        : NotSpecified: 
(War    ning: SDK 
pr...ifferen    t 
times.:String) [], R    
emoteException
    + 
FullyQualifiedErrorI    
d : NativeCommandError
 
WARNING: We recommend using a newer Android Gradle plugin to use compileSdk = 35

This Android Gradle plugin (8.2.1) was tested up to compileSdk = 34.

You are strongly encouraged to update your project to use a newer
Android Gradle plugin that has been tested with compileSdk = 35.

If you are already using the latest version of the Android Gradle plugin,
you may need to wait until a newer version with support for compileSdk = 35 is available.

To suppress this warning, add/update
    android.suppressUnsupportedCompileSdk=35
to this project's gradle.properties.

> Task :app:preBuild UP-TO-DATE
> Task :app:preDebugBuild UP-TO-DATE
> Task :app:mergeDebugNativeDebugMetadata NO-SOURCE
> Task :app:javaPreCompileDebug UP-TO-DATE
> Task :capacitor-android:preBuild UP-TO-DATE
> Task :capacitor-android:preDebugBuild UP-TO-DATE
> Task :capacitor-android:writeDebugAarMetadata UP-TO-DATE
> Task :capacitor-cordova-android-plugins:preBuild UP-TO-DATE
> Task :capacitor-cordova-android-plugins:preDebugBuild UP-TO-DATE
> Task :capacitor-cordova-android-plugins:writeDebugAarMetadata UP-TO-DATE
> Task :app:generateDebugResValues UP-TO-DATE
> Task :capacitor-android:generateDebugResValues UP-TO-DATE
> Task :capacitor-android:generateDebugResources UP-TO-DATE
> Task :capacitor-android:packageDebugResources UP-TO-DATE
> Task :capacitor-cordova-android-plugins:generateDebugResValues UP-TO-DATE
> Task :capacitor-cordova-android-plugins:generateDebugResources UP-TO-DATE
> Task :app:checkDebugAarMetadata FAILED
> Task :capacitor-cordova-android-plugins:packageDebugResources UP-TO-DATE

FAILURE: Build failed 
with an exception.

* What went wrong:
Execution failed for 
task ':app:checkDebugAar
Metadata'.
> A failure occurred 
while executing com.andr
oid.build.gradle.interna
l.tasks.CheckAarMetadata
WorkAction
   > 7 issues were 
found when checking AAR 
metadata:
     
       1.  Dependency 'a
ndroidx.core:core-splash
screen:1.2.0' requires 
Android Gradle plugin 
8.6.0 or higher.
     
           This build 
currently uses Android 
Gradle plugin 8.2.1.
     
       2.  Dependency 'a
ndroidx.activity:activit
y:1.11.0' requires 
libraries and 
applications that
           depend on it 
to compile against 
version 36 or later of 
the
           Android APIs.
     
           :app is 
currently compiled 
against android-35.
     
           Also, the 
maximum recommended 
compile SDK version for 
Android Gradle
           plugin 8.2.1 
is 34.
     
           Recommended 
action: Update this 
project's version of 
the Android Gradle
           plugin to 
one that supports 36, 
then update this 
project to use
           compileSdk 
of at least 36.
     
           Note that 
updating a library or 
application's 
compileSdk (which
           allows newer 
APIs to be used) can be 
done separately from 
updating
           targetSdk 
(which opts the app in 
to new runtime 
behavior) and
           minSdk 
(which determines which 
devices the app can be 
installed
           on).
     
       3.  Dependency 'a
ndroidx.activity:activit
y:1.11.0' requires 
Android Gradle plugin 
8.9.1 or higher.
     
           This build 
currently uses Android 
Gradle plugin 8.2.1.
     
       4.  Dependency 'a
ndroidx.core:core-ktx:1.
17.0' requires 
libraries and 
applications that
           depend on it 
to compile against 
version 36 or later of 
the
           Android APIs.
     
           :app is 
currently compiled 
against android-35.
     
           Also, the 
maximum recommended 
compile SDK version for 
Android Gradle
           plugin 8.2.1 
is 34.
     
           Recommended 
action: Update this 
project's version of 
the Android Gradle
           plugin to 
one that supports 36, 
then update this 
project to use
           compileSdk 
of at least 36.
     
           Note that 
updating a library or 
application's 
compileSdk (which
           allows newer 
APIs to be used) can be 
done separately from 
updating
           targetSdk 
(which opts the app in 
to new runtime 
behavior) and
           minSdk 
(which determines which 
devices the app can be 
installed
           on).
     
       5.  Dependency 'a
ndroidx.core:core-ktx:1.
17.0' requires Android 
Gradle plugin 8.9.1 or 
higher.
     
           This build 
currently uses Android 
Gradle plugin 8.2.1.
     
       6.  Dependency 'a
ndroidx.core:core:1.17.0
' requires libraries 
and applications that
           depend on it 
to compile against 
version 36 or later of 
the
           Android APIs.
     
           :app is 
currently compiled 
against android-35.
     
           Also, the 
maximum recommended 
compile SDK version for 
Android Gradle
           plugin 8.2.1 
is 34.
     
           Recommended 
action: Update this 
project's version of 
the Android Gradle
           plugin to 
one that supports 36, 
then update this 
project to use
           compileSdk 
of at least 36.
     
           Note that 
updating a library or 
application's 
compileSdk (which
           allows newer 
APIs to be used) can be 
done separately from 
updating
           targetSdk 
(which opts the app in 
to new runtime 
behavior) and
           minSdk 
(which determines which 
devices the app can be 
installed
           on).
     
       7.  Dependency 'a
ndroidx.core:core:1.17.0
' requires Android 
Gradle plugin 8.9.1 or 
higher.
     
           This build 
currently uses Android 
Gradle plugin 8.2.1.

* Try:
> Run with --stacktrace 
option to get the stack 
trace.
> Run with --info or 
--debug option to get 
more log output.
> Run with --scan to 
get full insights.
> Get more help at 
https://help.gradle.org.

Deprecated Gradle features were used in this build, making it incompatible with Gradle 9.0.

You can use '--warning-mode all' to show the individual deprecation warnings and determine if they come from your own scripts or plugins.

For more on this, please refer to https://docs.gradle.org/8.10.2/userguide/command_line_interface.html#sec:command_line_warnings in the Gradle documentation.

BUILD FAILED in 13s
9 actionable tasks: 1 executed, 8 up-to-date
